// Jest Snapshot v1, https://goo.gl/fbAQLP

exports[`it renders correctly 1`] = `
<header
  id="header-container"
  style={
    Object {
      "alignItems": "center",
      "backgroundColor": "#0046be",
      "color": "white",
      "display": "flex",
      "flexDirection": "column",
      "fontFamily": "Human BBY Web,Arial,Helvetica,Nimbus Sans L,Liberation Sans,FreeSans,sans-serif",
      "textDecoration": "none",
    }
  }
>
  <a
    aria-current="page"
    className="active"
    href="/"
    onClick={[Function]}
    style={
      Object {
        "color": "white",
        "textDecoration": "none",
      }
    }
  >
    <h1>
      Bester Buy
    </h1>
  </a>
  <div
    id="search-bar"
    style={
      Object {
        "width": "100vw",
      }
    }
  >
    <form
      action="submit"
    >
      <div
        style={
          Object {
            "display": "flex",
            "justifyContent": "center",
          }
        }
      >
        <input
          name="search"
          placeholder="Search"
          style={
            Object {
              "width": "50vw",
            }
          }
          type="text"
        />
        <button
          type="submit"
        >
           Search
        </button>
      </div>
      <hr />
    </form>
  </div>
  <div
    id="nav-links-container"
    style={
      Object {
        "display": "flex",
        "flexDirection": "row",
        "justifyContent": "space-between",
        "margin": "10px 0px 10px 0px",
        "width": "100vw",
      }
    }
  >
    <div
      id="nav-products-container"
    >
      <a
        aria-current={null}
        href="/products"
        onClick={[Function]}
        style={
          Object {
            "paddingLeft": "20px",
          }
        }
      >
        <button>
          Products
        </button>
      </a>
      <a
        aria-current={null}
        href="/brands"
        onClick={[Function]}
        style={
          Object {
            "paddingLeft": "20px",
          }
        }
      >
        <button>
          Brands
        </button>
      </a>
    </div>
    <div
      id="nav-account-links-container"
      style={
        Object {
          "display": "flex",
          "flexDirection": "row",
        }
      }
    >
      
      <a
        aria-current={null}
        href="/login"
        onClick={[Function]}
        style={
          Object {
            "paddingRight": "20px",
          }
        }
      >
        <button>
          Login
        </button>
      </a>
      <a
        aria-current={null}
        href="/account"
        onClick={[Function]}
        style={
          Object {
            "paddingRight": "20px",
          }
        }
      >
        <button>
          A
          ccount
        </button>
      </a>
      <a
        aria-current={null}
        href="/orders"
        onClick={[Function]}
        style={
          Object {
            "paddingRight": "20px",
          }
        }
      >
        <button>
          O
          rders
        </button>
      </a>
      <a
        aria-current={null}
        href="/cart"
        onClick={[Function]}
        style={
          Object {
            "paddingRight": "20px",
          }
        }
      >
        <button>
          <img
            src="https://encrypted-tbn0.gstatic.com/images?q=tbn:ANd9GcR8Bncj1OxlP5IoFnjojgmEwkmlOUYGFRe4cxmvHtihDVXt--SURA"
            style={
              Object {
                "width": "12px",
              }
            }
          />
           
          C
          art
        </button>
      </a>
    </div>
  </div>
</header>
`;
